2019-10-04T06:40:49+00:00 INFO Require to run updater..Start Installation/ Update process
2019-10-04T06:40:49+00:00 INFO Needs DB Update?
2019-10-04T06:40:49+00:00 INFO Current DB Version: 4.1.15
2019-10-04T06:40:49+00:00 INFO Database update require. Start updating database
2019-10-04T06:40:49+00:00 INFO Do Update....
2019-10-04T06:40:49+00:00 INFO Current IG ES DB Version: 4.1.15
2019-10-04T06:40:49+00:00 INFO [Queue] ig_es_update_420_alter_campaigns_table
2019-10-04T06:40:49+00:00 INFO [Queue] ig_es_update_420_create_tables
2019-10-04T06:40:49+00:00 INFO [Queue] ig_es_update_420_migrate_mailer_options
2019-10-04T06:40:49+00:00 INFO [Queue] ig_es_update_420_db_version
2019-10-04T06:40:49+00:00 INFO Yes, we have tasks to process
2019-10-04T06:40:49+00:00 INFO --------------------- Started To Run Task Again---------------------
2019-10-04T06:40:49+00:00 INFO [Processing] ig_es_update_420_alter_campaigns_table
2019-10-04T06:40:49+00:00 INFO --- Running Task - ig_es_update_420_alter_campaigns_table
2019-10-04T06:40:50+00:00 INFO --- Finished Task - ig_es_update_420_alter_campaigns_table 
2019-10-04T06:40:50+00:00 INFO [Processed] ig_es_update_420_alter_campaigns_table
2019-10-04T06:40:50+00:00 INFO [Processing] ig_es_update_420_create_tables
2019-10-04T06:40:50+00:00 INFO --- Running Task - ig_es_update_420_create_tables
2019-10-04T06:40:50+00:00 INFO --- Finished Task - ig_es_update_420_create_tables 
2019-10-04T06:40:50+00:00 INFO [Processed] ig_es_update_420_create_tables
2019-10-04T06:40:50+00:00 INFO [Processing] ig_es_update_420_migrate_mailer_options
2019-10-04T06:40:50+00:00 INFO --- Running Task - ig_es_update_420_migrate_mailer_options
2019-10-04T06:40:50+00:00 INFO --- Finished Task - ig_es_update_420_migrate_mailer_options 
2019-10-04T06:40:50+00:00 INFO [Processed] ig_es_update_420_migrate_mailer_options
2019-10-04T06:40:50+00:00 INFO [Processing] ig_es_update_420_db_version
2019-10-04T06:40:50+00:00 INFO --- Running Task - ig_es_update_420_db_version
2019-10-04T06:40:50+00:00 INFO --- Finished Task - ig_es_update_420_db_version 
2019-10-04T06:40:50+00:00 INFO [Processed] ig_es_update_420_db_version
